AR instructionmemory arqinstructionmemory D:/Biblioteca/Documents/Procesador/Procesador32/instructionMemory.vhd sub00/vhpl03 1461620650
AR npc behavioral D:/Biblioteca/Documents/Procesador/Procesador32/NPC.vhd sub00/vhpl01 1461443404
EN rf NULL D:/Biblioteca/Documents/Procesador/Procesador32/RF.vhd sub00/vhpl04 1461624622
AR uc behavioral D:/Biblioteca/Documents/Procesador/Procesador32/UC.vhd sub00/vhpl07 1461625838
EN uc NULL D:/Biblioteca/Documents/Procesador/Procesador32/UC.vhd sub00/vhpl06 1461625837
EN instructionmemory NULL D:/Biblioteca/Documents/Procesador/Procesador32/instructionMemory.vhd sub00/vhpl02 1461620649
EN npc NULL D:/Biblioteca/Documents/Procesador/Procesador32/NPC.vhd sub00/vhpl00 1461443403
AR rf behavioral D:/Biblioteca/Documents/Procesador/Procesador32/RF.vhd sub00/vhpl05 1461624623
