AR instructionmemory arqinstructionmemory D:/Biblioteca/Documents/Procesador/Procesador32/instructionMemory.vhd sub00/vhpl03 1461730881
AR mux behavioral D:/Biblioteca/Documents/Procesador/Procesador32/MUX.vhd sub00/vhpl17 1461730887
EN seu NULL D:/Biblioteca/Documents/Procesador/Procesador32/SEU.vhd sub00/vhpl18 1461730888
AR procesador_intel_core_i_7_6700k behavioral D:/Biblioteca/Documents/Procesador/Procesador32/Procesador_Intel_Core_i_7_6700k.vhd sub00/vhpl15 1461730893
AR npc behavioral D:/Biblioteca/Documents/Procesador/Procesador32/NPC.vhd sub00/vhpl01 1461730877
AR seu behavioral D:/Biblioteca/Documents/Procesador/Procesador32/SEU.vhd sub00/vhpl19 1461730889
AR sumador behavioral D:/Biblioteca/Documents/Procesador/Procesador32/Sumador.vhd sub00/vhpl11 1461730875
EN pc NULL D:/Biblioteca/Documents/Procesador/Procesador32/PC.vhd sub00/vhpl12 1461730878
EN rf NULL D:/Biblioteca/Documents/Procesador/Procesador32/RF.vhd sub00/vhpl04 1461730884
AR uc behavioral D:/Biblioteca/Documents/Procesador/Procesador32/UC.vhd sub00/vhpl07 1461730883
EN uc NULL D:/Biblioteca/Documents/Procesador/Procesador32/UC.vhd sub00/vhpl06 1461730882
EN instructionmemory NULL D:/Biblioteca/Documents/Procesador/Procesador32/instructionMemory.vhd sub00/vhpl02 1461730880
EN npc NULL D:/Biblioteca/Documents/Procesador/Procesador32/NPC.vhd sub00/vhpl00 1461730876
EN mux NULL D:/Biblioteca/Documents/Procesador/Procesador32/MUX.vhd sub00/vhpl16 1461730886
AR alu behavioral D:/Biblioteca/Documents/Procesador/Procesador32/ALU.vhd sub00/vhpl09 1461730891
AR pc behavioral D:/Biblioteca/Documents/Procesador/Procesador32/PC.vhd sub00/vhpl13 1461730879
EN sumador NULL D:/Biblioteca/Documents/Procesador/Procesador32/Sumador.vhd sub00/vhpl10 1461730874
EN procesador_intel_core_i_7_6700k NULL D:/Biblioteca/Documents/Procesador/Procesador32/Procesador_Intel_Core_i_7_6700k.vhd sub00/vhpl14 1461730892
AR rf behavioral D:/Biblioteca/Documents/Procesador/Procesador32/RF.vhd sub00/vhpl05 1461730885
EN alu NULL D:/Biblioteca/Documents/Procesador/Procesador32/ALU.vhd sub00/vhpl08 1461730890
