V3 3
FL D:/Biblioteca/Documents/Procesador/Procesador32/NPC.vhd 2016/04/23.15:21:57 P.20131013
EN work/NPC 1461443403 FL D:/Biblioteca/Documents/Procesador/Procesador32/NPC.vhd \
      PB ieee/std_logic_1164 1381692176
AR work/NPC/Behavioral 1461443404 \
      FL D:/Biblioteca/Documents/Procesador/Procesador32/NPC.vhd EN work/NPC 1461443403
