V3 20
FL D:/Biblioteca/Documents/Procesador/Procesador32/ALU.vhd 2016/04/25.18:32:23 P.20131013
EN work/ALU 1461627148 FL D:/Biblioteca/Documents/Procesador/Procesador32/ALU.vhd \
      PB ieee/std_logic_1164 1381692176 PB ieee/STD_LOGIC_UNSIGNED 1381692179
AR work/ALU/Behavioral 1461627149 \
      FL D:/Biblioteca/Documents/Procesador/Procesador32/ALU.vhd EN work/ALU 1461627148
FL D:/Biblioteca/Documents/Procesador/Procesador32/IM.vhd 2016/04/25.16:32:08 P.20131013
FL D:/Biblioteca/Documents/Procesador/Procesador32/InstructionMemory.vhd 2016/04/25.16:41:13 P.20131013
AR work/InstructionMemory/Behavioral -1 \
      FL D:/Biblioteca/Documents/Procesador/Procesador32/InstructionMemory.vhd \
      EN work/instructionMemory 1461620649
EN work/instructionMemory 1461620649 \
      FL D:/Biblioteca/Documents/Procesador/Procesador32/InstructionMemory.vhd \
      PB ieee/std_logic_1164 1381692176 PB ieee/STD_LOGIC_UNSIGNED 1381692179 \
      PB std/TEXTIO 1381692176
AR work/instructionMemory/arqInstructionMemory 1461620650 \
      FL D:/Biblioteca/Documents/Procesador/Procesador32/InstructionMemory.vhd \
      EN work/instructionMemory 1461620649
FL D:/Biblioteca/Documents/Procesador/Procesador32/NPC.vhd 2016/04/23.15:21:57 P.20131013
EN work/NPC 1461626490 FL D:/Biblioteca/Documents/Procesador/Procesador32/NPC.vhd \
      PB ieee/std_logic_1164 1381692176
AR work/NPC/Behavioral 1461626491 \
      FL D:/Biblioteca/Documents/Procesador/Procesador32/NPC.vhd EN work/NPC 1461626490
FL D:/Biblioteca/Documents/Procesador/Procesador32/RF.vhd 2016/04/25.17:35:38 P.20131013
EN work/RF 1461624622 FL D:/Biblioteca/Documents/Procesador/Procesador32/RF.vhd \
      PB ieee/std_logic_1164 1381692176 PB ieee/STD_LOGIC_UNSIGNED 1381692179
AR work/RF/Behavioral 1461624623 \
      FL D:/Biblioteca/Documents/Procesador/Procesador32/RF.vhd EN work/RF 1461624622
FL D:/Biblioteca/Documents/Procesador/Procesador32/Sumador.vhd 2016/04/25.16:23:11 P.20131013
EN work/Sumador 1461629888 \
      FL D:/Biblioteca/Documents/Procesador/Procesador32/Sumador.vhd \
      PB ieee/std_logic_1164 1381692176 PB ieee/STD_LOGIC_UNSIGNED 1381692179
AR work/Sumador/Behavioral 1461629889 \
      FL D:/Biblioteca/Documents/Procesador/Procesador32/Sumador.vhd \
      EN work/Sumador 1461629888
FL D:/Biblioteca/Documents/Procesador/Procesador32/UC.vhd 2016/04/25.18:10:34 P.20131013
EN work/UC 1461625837 FL D:/Biblioteca/Documents/Procesador/Procesador32/UC.vhd \
      PB ieee/std_logic_1164 1381692176
AR work/UC/Behavioral 1461625838 \
      FL D:/Biblioteca/Documents/Procesador/Procesador32/UC.vhd EN work/UC 1461625837
